Γû▓ Next.js 16.2.2 (Turbopack)
- Environments: .env.local

  Creating an optimized production build ...
Γ£ô Compiled successfully in 3.5s
  Running TypeScript ...
node.exe : Failed to type check.
At line:1 char:1
+ & "E:\ME\Softwares\Setup\node2
0/node.exe" 
"C:\Users\Mahes\AppData\Roa ...
+ ~~~~~~~~~~~~~~~~~~~~~~~~~~~~~~
~~~~~~~~~~~~~~~~~~~~~~~~~~~~~~~~
~~~~~~~
    + CategoryInfo          : N 
   otSpecified: (Failed to typ  
  e check.:String) [], Remote   
 Exception
    + FullyQualifiedErrorId : N 
   ativeCommandError
 

./src/components/TaskForm.tsx:12
7:46
Type error: Argument of type 
'string' is not assignable to 
parameter of type 
'SetStateAction<"todo" | 
"in-progress" | "done">'.

  [90m125 |[0m ...            
    id=[32m"task-status"[0m
  [90m126 |[0m ...            
    value={status}
[31m[1m>[0m [90m127 |[0m 
...                
onChange={(e) => 
setStatus(e.target.value)}
  [90m    |[0m                
                               
[31m[1m^[0m
  [90m128 |[0m ...            
    className=[32m"w-full px-4 
py-3 rounded-xl 
bg-[var(--input-bg)] border 
bor...[0m
  [90m129 |[0m ...            
  >
  [90m130 |[0m ...            
    <option value=[32m"todo"[0
m>[33mTo[0m 
[33mDo[0m</option>
Next.js build worker exited 
with code: 1 and signal: null
